// Jest Snapshot v1, https://goo.gl/fbAQLP

exports[`saga request helper should create action types 1`] = `
Object {
  "BASE": Object {
    "BASE": "TEST",
    "CANCELLED": "TEST_CANCELLED",
    "ERRORED": "TEST_ERRORED",
    "STARTED": "TEST_STARTED",
    "SUCCEEDED": "TEST_SUCCEEDED",
    "cancel": [Function],
    "error": [Function],
    "start": [Function],
    "success": [Function],
  },
  "CANCELLED": "[object Object]_CANCELLED",
  "ERRORED": "[object Object]_ERRORED",
  "STARTED": "[object Object]_STARTED",
  "SUCCEEDED": "[object Object]_SUCCEEDED",
  "cancel": [Function],
  "error": [Function],
  "start": [Function],
  "success": [Function],
}
`;
